<html>
<body>
<pre>
<h1>µVision Build Log</h1>
<h2>Tool Versions:</h2>
IDE-Version: ¦ÌVision V5.34.0.0
Copyright (C) 2021 ARM Ltd and ARM Germany GmbH. All rights reserved.
License Information: * *, ***, LIC=50D7S-L9VN7-C21L6-DGZMQ-9DMA9-X8KGE
 
Tool Versions:
Toolchain:       MDK-ARM Professional  Version: 5.34.0.0
Toolchain Path:  D:\Program_Files (x86)\keil5\ARM\ARMCC\Bin
C Compiler:      Armcc.exe V5.06 update 7 (build 960)
Assembler:       Armasm.exe V5.06 update 7 (build 960)
Linker/Locator:  ArmLink.exe V5.06 update 7 (build 960)
Library Manager: ArmAr.exe V5.06 update 7 (build 960)
Hex Converter:   FromElf.exe V5.06 update 7 (build 960)
CPU DLL:         SARMCM3.DLL V5.34.0.0
Dialog DLL:      DCM.DLL V1.17.3.0
Target DLL:      STLink\ST-LINKIII-KEIL_SWO.dll V3.0.8.0
Dialog DLL:      TCM.DLL V1.48.0.0
 
<h2>Project:</h2>
C:\Users\14844\Desktop\IOTproj\MDK-ARM\IOTproj.uvprojx
Project File Date:  07/23/2024

<h2>Output:</h2>
*** Using Compiler 'V5.06 update 7 (build 960)', folder: 'D:\Program_Files (x86)\keil5\ARM\ARMCC\Bin'
Build target 'IOTproj'
compiling max30205.c...
compiling stm32h7xx_it.c...
compiling ROBOT.c...
compiling fdcan.c...
../Core/Src/fdcan.c(211): warning:  #223-D: function "memcpy" declared implicitly
  	memcpy(&watch_data[0], &Data[0], 8);
../Core/Src/fdcan.c(248): warning:  #223-D: function "memcpy" declared implicitly
  	memcpy(&watch_data[0], &Data[0], 8);
../Core/Src/fdcan.c(291): warning:  #177-D: variable "EncodeNumber"  was declared but never referenced
  		uint16_t EncodeNumber;
../Core/Src/fdcan.c(285): warning:  #177-D: variable "catch_init"  was declared but never referenced
  	static uint8_t catch_init = 0;
../Core/Src/fdcan.c(286): warning:  #177-D: variable "slide_init"  was declared but never referenced
  	static uint8_t slide_init = 0;
../Core/Src/fdcan.c: 5 warnings, 0 errors
compiling freertos.c...
compiling main.c...
../Core/Src/main.c(76): warning:  #177-D: variable "zero"  was declared but never referenced
  	uint8_t zero[8]={0xFF,0xFF,0xFF,0xFF,0xFF,0xFF,0xFF,0xFE};
../Core/Src/main.c: 1 warning, 0 errors
compiling uart_parse.c...
linking...
Program Size: Code=35332 RO-data=1052 RW-data=200 ZI-data=21984  
FromELF: creating hex file...
"IOTproj\IOTproj.axf" - 0 Error(s), 6 Warning(s).

<h2>Software Packages used:</h2>

Package Vendor: ARM
                http://www.keil.com/pack/ARM.CMSIS.5.7.0.pack
                ARM.CMSIS.5.7.0
                CMSIS (Cortex Microcontroller Software Interface Standard)
   * Component: CORE Version: 5.4.0

Package Vendor: Keil
                https://www.keil.com/pack/Keil.STM32H7xx_DFP.3.1.1.pack
                Keil.STM32H7xx_DFP.3.1.1
                STMicroelectronics STM32H7 Series Device Support and Examples

<h2>Collection of Component include folders:</h2>
  .\RTE\_IOTproj
  D:\Program_Files (x86)\keil5\Arm\Packs\ARM\CMSIS\5.7.0\CMSIS\Core\Include
  D:\Program_Files (x86)\keil5\Arm\Packs\Keil\STM32H7xx_DFP\3.1.1\Drivers\CMSIS\Device\ST\STM32H7xx\Include

<h2>Collection of Component Files used:</h2>

   * Component: ARM::CMSIS:CORE:5.4.0
      Include file:  CMSIS\Core\Include\tz_context.h
Build Time Elapsed:  00:00:11
</pre>
</body>
</html>
